lib/mlitService.ts(302,78): error TS2345: Argument of type 'Coordinates | null' is not assignable to parameter of type 'StationCoords | null'.
  Property 'name' is missing in type 'Coordinates' but required in type 'StationCoords'.
lib/mlitService.ts(343,77): error TS2345: Argument of type 'Coordinates | null' is not assignable to parameter of type 'StationCoords | null'.
  Property 'name' is missing in type 'Coordinates' but required in type 'StationCoords'.
scripts/audit_direct_ts.ts(26,9): error TS2367: This comparison appears to be unintentional because the types '{ level: number; description: string; }' and 'number' have no overlap.
scripts/audit_direct_ts.ts(26,24): error TS2367: This comparison appears to be unintentional because the types '{ level: number; description: string; }' and 'number' have no overlap.
scripts/check_tms.ts(2,16): error TS2393: Duplicate function implementation.
scripts/convert_population_data.ts(3,18): error TS2307: Cannot find module 'xlsx' or its corresponding type declarations.
scripts/debug_hazard_tiles.ts(23,48): error TS18046: 'e' is of type 'unknown'.
scripts/debug_hazard_tiles_v2.ts(36,48): error TS18046: 'e' is of type 'unknown'.
scripts/fetch_metadata.ts(2,7): error TS2451: Cannot redeclare block-scoped variable 'URL'.
scripts/fetch_metadata.ts(4,16): error TS2393: Duplicate function implementation.
scripts/fetch_metadata.ts(6,29): error TS2769: No overload matches this call.
  Overload 1 of 2, '(input: string | URL | Request, init?: RequestInit | undefined): Promise<Response>', gave the following error.
    Argument of type '{ new (url: string | URL, base?: string | URL | undefined): URL; prototype: URL; canParse(url: string | URL, base?: string | URL | undefined): boolean; createObjectURL(obj: Blob | MediaSource): string; parse(url: string | URL, base?: string | ... 1 more ... | undefined): URL | null; revokeObjectURL(url: string): voi...' is not assignable to parameter of type 'string | URL | Request'.
  Overload 2 of 2, '(input: URL | RequestInfo, init?: RequestInit | undefined): Promise<Response>', gave the following error.
    Argument of type '{ new (url: string | URL, base?: string | URL | undefined): URL; prototype: URL; canParse(url: string | URL, base?: string | URL | undefined): boolean; createObjectURL(obj: Blob | MediaSource): string; parse(url: string | URL, base?: string | ... 1 more ... | undefined): URL | null; revokeObjectURL(url: string): voi...' is not assignable to parameter of type 'URL | RequestInfo'.
scripts/verify_correct_domain.ts(31,32): error TS18046: 'e' is of type 'unknown'.
scripts/verify_hazard_fallback.ts(2,46): error TS2305: Module '"../lib/external/hazardMapApi"' has no exported member 'checkGroundAmplification'.
scripts/verify_hybrid_hazard.ts(2,46): error TS2305: Module '"../lib/external/hazardMapApi"' has no exported member 'checkGroundAmplification'.
scripts/verify_strict_hazard.ts(28,32): error TS18046: 'e' is of type 'unknown'.
