HELLO FROM MLIT SERVICE TS (UPDATED WITH CACHE)
[dotenv@17.2.3] injecting env (4) from .env.local -- tip: 笨・audit secrets and track compliance: https://dotenvx.com/ops
Testing 譚ｱ謌ｸ蝪・..
[MLIT API] Request: GET https://www.reinfolib.mlit.go.jp/ex-api/external/XIT001?year=2026&area=14
[PRELOAD] Loading district coordinates (parallel)...
[PRELOAD] Loaded 17/1787 coords in 3ms
[PRELOAD] Loading district coordinates (parallel)...
[PRELOAD] Loaded 18/1805 coords in 2ms
[PRELOAD] Loading district coordinates (parallel)...
[PRELOAD] Loaded 18/1810 coords in 2ms
[PRELOAD] Loading district coordinates (parallel)...
[PRELOAD] Loaded 18/1826 coords in 1ms
[PRELOAD] Loading district coordinates (parallel)...
[PRELOAD] Loaded 18/1812 coords in 1ms
node.exe : 譚ｱ謌ｸ蝪・Error: 逶ｴ霑・蟷ｴ髢薙↓繝・・繧ｿ縺瑚ｦ
九▽縺九ｊ縺ｾ縺帙ｓ縺ｧ縺励◆ (譚ｱ謌ｸ蝪・
発生場所 行:1 文字:1
+ & "C:\Program Files\nodejs/node.exe" "C
:\Program Files\nodejs/node_mo ...
+ ~~~~~~~~~~~~~~~~~~~~~~~~~~~~~~~~~~~~~~~
~~~~~~~~~~~~~~~~~~~~~~~~~~~~~~
    + CategoryInfo          : NotSpecifi 
   ed: (譚ｱ謌ｸ蝪・Error: 逶ｴ...帙ｓ縺ｧ縺励◆ (譚ｱ謌ｸ  
  蝪・:String) [], RemoteException
    + FullyQualifiedErrorId : NativeComm 
   andError
 
Testing 菫晏悄繧ｱ隹ｷ...
[MLIT API] Request: GET https://www.reinfolib.mlit.go.jp/ex-api/external/XIT001?year=2026&area=14
[PRELOAD] Loading district coordinates (parallel)...
[PRELOAD] Loaded 17/1787 coords in 1ms
[PRELOAD] Loading district coordinates (parallel)...
[PRELOAD] Loaded 18/1805 coords in 1ms
[PRELOAD] Loading district coordinates (parallel)...
[PRELOAD] Loaded 18/1810 coords in 1ms
[PRELOAD] Loading district coordinates (parallel)...
[PRELOAD] Loaded 18/1826 coords in 1ms
[PRELOAD] Loading district coordinates (parallel)...
[PRELOAD] Loaded 18/1812 coords in 1ms
菫晏悄繝ｶ隹ｷ Error: 逶ｴ霑・蟷ｴ髢薙↓繝・・繧ｿ縺瑚ｦ九▽縺九ｊ縺ｾ縺帙
ｓ縺ｧ縺励◆ (菫晏悄繝ｶ隹ｷ)
